$ gufi_stat --help
usage: gufi_stat [-c FORMAT] [-t] [--help] [--version] [--verbose]
                 FILE [FILE ...]

GUFI version of stat

positional arguments:
  FILE

options:
  -c FORMAT, --format FORMAT
                        use the specified FORMAT instead of the default;
                        output a newline after each use of FORMAT
  -t, --terse           print the information in terse form
  --help                display this help and exit
  --version             output version information and exit
  --verbose, -V         Show the gufi_query being executed

# first line of default print
  File: '.hidden'
  File: '1KB'
  File: '1MB'
  File: 'directory/executable'
  File: 'directory/readonly'
  File: 'directory/subdirectory/repeat_name'
  File: 'directory/writable'
  File: 'leaf_directory/leaf_file1'
  File: 'leaf_directory/leaf_file2'
  File: 'old_file'
  File: 'repeat_name'
  File: 'unusual#? directory ,/unusual, name?#'

# first two columns of terse format
.hidden 9
1KB 1024
1MB 1048576
directory/executable 1
directory/readonly 2
directory/subdirectory/repeat_name 5
directory/writable 3
leaf_directory/leaf_file1 10
leaf_directory/leaf_file2 11
old_file 0
repeat_name 13
unusual#? directory

$ gufi_stat --format '%N %n %a %A %d %D %f %F %m %s %w %W %x %X %y %Y\n' "prefix/.hidden"
'prefix/.hidden' prefix/.hidden 664 -rw-rw-r-- ? ? 81b4 regular file   9 - 0 1970-01-01 00:00:09 +0000 9 1970-01-01 00:00:09 +0000 9

$ gufi_stat --verbose --format '%N %n %a %A %d %D %f %F %m %s %w %W %x %X %y %Y\n' "prefix/.hidden"
GUFI query is
   gufi_stat_bin
    -f %N %n %a %A %d %D %f %F %m %s %w %W %x %X %y %Y\n
    prefix/.hidden
'prefix/.hidden' prefix/.hidden 664 -rw-rw-r-- ? ? 81b4 regular file   9 - 0 1970-01-01 00:00:09 +0000 9 1970-01-01 00:00:09 +0000 9

gufi_stat --terse "prefix/.hidden"
prefix/.hidden 9 0 81b4 1001 1001 ? 9 1 0 0 9 9 9 0 0
$ gufi_stat prefix/bad/directory
Cannot open database: prefix/bad/db.db unable to open database file rc 14
gufi_stat: cannot stat 'prefix/bad/directory': No such file or directory

$ gufi_stat prefix/badfile
gufi_stat: cannot stat 'prefix/badfile': No such file or directory

